Nothing to build in platform 'design_1_wrapper'

09:20:06 **** Incremental Build of configuration Debug for project Zybo-Codec ****
make all 
make --no-print-directory pre-build
a9-linaro-pre-build-step
 
make --no-print-directory main-build
Building file: ../src/main.c
Invoking: ARM v7 gcc compiler
arm-none-eabi-gcc -Wall -O0 -g3 -c -fmessage-length=0 -MT"src/main.o" -mcpu=cortex-a9 -mfpu=vfpv3 -mfloat-abi=hard -I/home/max/Programs/Xilinx/Vitis/Projects/ZyboZ7-Codec-SW/design_1_wrapper/export/design_1_wrapper/sw/design_1_wrapper/standalone_ps7_cortexa9_0/bspinclude/include -MMD -MP -MF"src/main.d" -MT"src/main.o" -o "src/main.o" "../src/main.c"
Finished building: ../src/main.c
 
Building target: Zybo-Codec.elf
Invoking: ARM v7 gcc linker
arm-none-eabi-gcc -mcpu=cortex-a9 -mfpu=vfpv3 -mfloat-abi=hard -Wl,-build-id=none -specs=Xilinx.spec -Wl,-T -Wl,../src/lscript.ld -L/home/max/Programs/Xilinx/Vitis/Projects/ZyboZ7-Codec-SW/design_1_wrapper/export/design_1_wrapper/sw/design_1_wrapper/standalone_ps7_cortexa9_0/bsplib/lib -o "Zybo-Codec.elf"  ./src/main.o   -Wl,--start-group,-lxil,-lgcc,-lc,--end-group
Finished building target: Zybo-Codec.elf
 
Invoking: ARM v7 Print Size
arm-none-eabi-size Zybo-Codec.elf  |tee "Zybo-Codec.elf.size"
   text	   data	    bss	    dec	    hex	filename
  21841	   1144	  22568	  45553	   b1f1	Zybo-Codec.elf
Finished building: Zybo-Codec.elf.size
 
09:20:06 **** Incremental Build of configuration Debug for project Zybo-Codec_system ****
make all 
Generating bif file for the system project
Executing command '::scw::generate_bif -xpfm /home/max/Programs/Xilinx/Vitis/Projects/ZyboZ7-Codec-SW/design_1_wrapper/export/design_1_wrapper/design_1_wrapper.xpfm -domains standalone_ps7_cortexa9_0 -bifpath /home/max/Programs/Xilinx/Vitis/Projects/ZyboZ7-Codec-SW/Zybo-Codec_system/Debug/system.bif' on XSCT
sdcard_gen --xpfm /home/max/Programs/Xilinx/Vitis/Projects/ZyboZ7-Codec-SW/design_1_wrapper/export/design_1_wrapper/design_1_wrapper.xpfm --sys_config design_1_wrapper --bif /home/max/Programs/Xilinx/Vitis/Projects/ZyboZ7-Codec-SW/Zybo-Codec_system/Debug/system.bif --bitstream /home/max/Programs/Xilinx/Vitis/Projects/ZyboZ7-Codec-SW/Zybo-Codec/_ide/bitstream/design_1_wrapper.bit --elf /home/max/Programs/Xilinx/Vitis/Projects/ZyboZ7-Codec-SW/Zybo-Codec/Debug/Zybo-Codec.elf,ps7_cortexa9_0
creating BOOT.BIN using /home/max/Programs/Xilinx/Vitis/Projects/ZyboZ7-Codec-SW/Zybo-Codec/_ide/bitstream/design_1_wrapper.bit
Running /tools/Xilinx/Vitis/2023.1/bin/bootgen  -image /home/max/Programs/Xilinx/Vitis/Projects/ZyboZ7-Codec-SW/Zybo-Codec_system/Debug/sd_card_temp/boot.bif -w -o i BOOT.BIN
